C51 COMPILER V9.03   CYUTILS                                                               07/02/2012 19:47:03 PAGE 1   


C51 COMPILER V9.03, COMPILATION OF MODULE CYUTILS
OBJECT MODULE PLACED IN .\DP8051_Keil_903\Debug\cyutils.obj
COMPILER INVOKED BY: C:\Program Files (x86)\Cypress\PSoC Creator\2.1\PSoC Creator\import\keil\pk51\9.03\C51\BIN\c51.exe 
                    -.\Generated_Source\PSoC3\cyutils.c NOIV LARGE MODDP2 OMF2 VB(1) PR(.\DP8051_Keil_903\Debug\cyutils.lst) CD DB NOIP OT(0,
                    -SIZE) INCDIR(Generated_Source\PSoC3) OJ(.\DP8051_Keil_903\Debug\cyutils.obj)

line level    source

   1          /*******************************************************************************
   2          * FILENAME: cyutils.c
   3          * Version 3.0
   4          *
   5          *  Description:
   6          *   CyUtils provides function to handle 24-bit value writes.
   7          *
   8          ********************************************************************************
   9          * Copyright 2008-2012, Cypress Semiconductor Corporation.  All rights reserved.
  10          * You may use this file only in accordance with the license, terms, conditions,
  11          * disclaimers, and limitations in the end user license agreement accompanying
  12          * the software package with which this file was provided.
  13          *******************************************************************************/
  14          
  15          #include "cytypes.h"
  16          
  17          #if defined(__GNUC__) || defined(__ARMCC_VERSION)
              
                  /***************************************************************************
                  * Function Name: CySetReg24
                  ****************************************************************************
                  *
                  * Summary:
                  *  Writes the 24-bit value to the specified register.
                  *
                  * Parameters:
                  *  addr : adress where data must be written
                  *  value: data that must be written
                  *
                  * Return:
                  *  None
                  *
                  * Reentrant:
                  *  No
                  *
                  ***************************************************************************/
                  void CySetReg24(uint8 volatile *addr, uint32 value)
                  {
                      *addr = (uint8)value;
                      addr++;
                      value >>= 8;
                      *addr = (uint8)value;
                      addr++;
                      value >>= 8;
                      *addr = (uint8)value;
                  }
              
              #endif  /* defined(__GNUC__) || defined(__ARMCC_VERSION) */
  49          
  50          
  51          /* [] END OF FILE */
C51 COMPILER V9.03   CYUTILS                                                               07/02/2012 19:47:03 PAGE 2   

ASSEMBLY LISTING OF GENERATED OBJECT CODE




MODULE INFORMATION:   STATIC OVERLAYABLE
   CODE SIZE        =   ----    ----
   CONSTANT SIZE    =   ----    ----
   XDATA SIZE       =   ----    ----
   PDATA SIZE       =   ----    ----
   DATA SIZE        =   ----    ----
   IDATA SIZE       =   ----    ----
   BIT SIZE         =   ----    ----
   EDATA SIZE       =   ----    ----
   HDATA SIZE       =   ----    ----
   XDATA CONST SIZE =   ----    ----
   FAR CONST SIZE   =   ----    ----
END OF MODULE INFORMATION.


C51 COMPILATION COMPLETE.  0 WARNING(S),  0 ERROR(S)
