C51 COMPILER V9.03   TCP                                                                   06/28/2012 18:07:46 PAGE 1   


C51 COMPILER V9.03, COMPILATION OF MODULE TCP
OBJECT MODULE PLACED IN .\DP8051_Keil_903\Debug\TCP.obj
COMPILER INVOKED BY: C:\Program Files (x86)\Cypress\PSoC Creator\2.1\PSoC Creator\import\keil\pk51\9.03\C51\BIN\c51.exe 
                    -.\TCP.h NOIV LARGE MODDP2 OMF2 VB(1) PR(.\DP8051_Keil_903\Debug\TCP.lst) CD DB NOIP OT(0,SIZE) INCDIR(Generated_Source\P
                    -SoC3) OJ(.\DP8051_Keil_903\Debug\TCP.obj)

line level    source

   1          /* ========================================
   2           *
   3           * Copyright YOUR COMPANY, THE YEAR
   4           * All Rights Reserved
   5           * UNPUBLISHED, LICENSED SOFTWARE.
   6           *
   7           * CONFIDENTIAL AND PROPRIETARY INFORMATION
   8           * WHICH IS THE PROPERTY OF your company.
   9           *
  10           * ========================================
  11          */
  12          
  13          unsigned int ackTcp(TCPhdr *tcp, unsigned int len);
*** ERROR C141 IN LINE 13 OF .\TCP.h: syntax error near '*', expected ')'
  14          
  15          /* [] END OF FILE */

C51 COMPILATION COMPLETE.  0 WARNING(S),  1 ERROR(S)
